<html>
<body>
<pre>
<h1>µVision Build Log</h1>
<h2>Tool Versions:</h2>
IDE-Version: µVision V5.41.0.0
Copyright (C) 2024 ARM Ltd and ARM Germany GmbH. All rights reserved.
License Information: sandil azad
none 
User-based license: Keil MDK Community (non-commercial free of charge)
Valid until: Jun 1 2033. Cached until: Oct 21 2024
 
Tool Versions:
Toolchain:       Keil MDK Community (non-commercial free of charge  Version: 5.41.0.0
Toolchain Path:  C:\ARMV6_Compiler\Bin
C Compiler:      ArmClang.exe V6.22
Assembler:       Armasm.exe V6.22
Linker/Locator:  ArmLink.exe V6.22
Library Manager: ArmAr.exe V6.22
Hex Converter:   FromElf.exe V6.22
CPU DLL:         SARMCM3.DLL V5.41.0.0
Dialog DLL:      DCM.DLL V1.17.5.0
Target DLL:      STLink\ST-LINKIII-KEIL_SWO.dll V3.3.0.0
Dialog DLL:      TCM.DLL V1.56.4.0
 
<h2>Project:</h2>
F:\STM32\projectSetup\initProject.uvprojx
Project File Date:  10/14/2024

<h2>Output:</h2>
*** Using Compiler 'V6.22', folder: 'C:\ARMV6_Compiler\Bin'
Rebuild target 'APP'
compiling core_cm3.c...
compiling misc.c...
compiling system_stm32f10x.c...
compiling stm32f10x_dbgmcu.c...
assembling startup_stm32f10x_md.s...
compiling stm32f10x_cec.c...
compiling main.c...
compiling stm32f10x_it.c...
compiling stm32f10x_crc.c...
compiling stm32f10x_dma.c...
compiling stm32f10x_bkp.c...
compiling stm32f10x_exti.c...
compiling stm32f10x_dac.c...
compiling stm32f10x_adc.c...
compiling stm32f10x_fsmc.c...
compiling stm32f10x_flash.c...
compiling stm32f10x_can.c...
compiling stm32f10x_gpio.c...
compiling stm32f10x_i2c.c...
System/Delay.c(14): warning: & has lower precedence than ==; == will be evaluated first [-Wparentheses]
   14 |         while (SysTick->CTRL & SysTick_CTRL_COUNTFLAG_Msk == 0);
      |                              ^~~~~~~~~~~~~~~~~~~~~~~~~~~~~~~~~
System/Delay.c(14): note: place parentheses around the '==' expression to silence this warning
   14 |         while (SysTick->CTRL & SysTick_CTRL_COUNTFLAG_Msk == 0);
      |                              ^ ~~~~~~~~~~~~~~~~~~~~~~~~~~~~~~~
System/Delay.c(14): note: place parentheses around the & expression to evaluate it first
   14 |         while (SysTick->CTRL & SysTick_CTRL_COUNTFLAG_Msk == 0);
      |                ~~~~~~~~~~~~~~^~~~~~~~~~~~~~~~~~~~~~~~~~~~
1 warning generated.
compiling Delay.c...
compiling stm32f10x_rtc.c...
compiling stm32f10x_spi.c...
compiling stm32f10x_rcc.c...
compiling stm32f10x_pwr.c...
compiling stm32f10x_wwdg.c...
compiling stm32f10x_iwdg.c...
compiling stm32f10x_sdio.c...
compiling stm32f10x_usart.c...
compiling stm32f10x_tim.c...
linking...
Program Size: Code=1452 RO-data=252 RW-data=0 ZI-data=1632  
".\Objects\initProject.axf" - 0 Error(s), 1 Warning(s).

<h2>Software Packages used:</h2>

Package Vendor: Keil
                https://www.keil.com/pack/Keil.STM32F1xx_DFP.2.4.1.pack
                Keil::STM32F1xx_DFP@2.4.1
                STMicroelectronics STM32F1 Series Device Support, Drivers and Examples

<h2>Collection of Component include folders:</h2>
  C:/Users/Kamal Hossain/AppData/Local/Arm/Packs/Keil/STM32F1xx_DFP/2.4.1/Device/Include

<h2>Collection of Component Files used:</h2>
Build Time Elapsed:  00:00:01
</pre>
</body>
</html>
